draws1000/50000 untouched_exact finite1.000000 controls1000/1000 moved_fraction0.996887
draws2000/50000 untouched_exact finite1.000000 controls2000/2000 moved_fraction0.997041
draws3000/50000 untouched_exact finite1.000000 controls3000/3000 moved_fraction0.996969
draws4000/50000 untouched_exact finite1.000000 controls4000/4000 moved_fraction0.997019
draws5000/50000 untouched_exact finite1.000000 controls5000/5000 moved_fraction0.996984
draws6000/50000 untouched_exact finite1.000000 controls6000/6000 moved_fraction0.997118
draws7000/50000 untouched_exact finite1.000000 controls7000/7000 moved_fraction0.997209
draws8000/50000 untouched_exact finite1.000000 controls8000/8000 moved_fraction0.997141
draws9000/50000 untouched_exact finite1.000000 controls9000/9000 moved_fraction0.997246
draws10000/50000 untouched_exact finite1.000000 controls10000/10000 moved_fraction0.997178
draws11000/50000 untouched_exact finite1.000000 controls11000/11000 moved_fraction0.997226
draws12000/50000 untouched_exact finite1.000000 controls12000/12000 moved_fraction0.997221
draws13000/50000 untouched_exact finite1.000000 controls13000/13000 moved_fraction0.997269
draws14000/50000 untouched_exact finite1.000000 controls14000/14000 moved_fraction0.997265
draws15000/50000 untouched_exact finite1.000000 controls15000/15000 moved_fraction0.997328
draws16000/50000 untouched_exact finite1.000000 controls16000/16000 moved_fraction0.997350
draws17000/50000 untouched_exact finite1.000000 controls17000/17000 moved_fraction0.997394
draws18000/50000 untouched_exact finite1.000000 controls18000/18000 moved_fraction0.997373
draws19000/50000 untouched_exact finite1.000000 controls19000/19000 moved_fraction0.997390
draws20000/50000 untouched_exact finite1.000000 controls20000/20000 moved_fraction0.997395
draws21000/50000 untouched_exact finite1.000000 controls21000/21000 moved_fraction0.997425
draws22000/50000 untouched_exact finite1.000000 controls22000/22000 moved_fraction0.997396
draws23000/50000 untouched_exact finite1.000000 controls23000/23000 moved_fraction0.997439
draws24000/50000 untouched_exact finite1.000000 controls24000/24000 moved_fraction0.997420
draws25000/50000 untouched_exact finite1.000000 controls25000/25000 moved_fraction0.997400
draws26000/50000 untouched_exact finite1.000000 controls26000/26000 moved_fraction0.997384
draws27000/50000 untouched_exact finite1.000000 controls27000/27000 moved_fraction0.997403
draws28000/50000 untouched_exact finite1.000000 controls28000/28000 moved_fraction0.997385
draws29000/50000 untouched_exact finite1.000000 controls29000/29000 moved_fraction0.997401
draws30000/50000 untouched_exact finite1.000000 controls30000/30000 moved_fraction0.997396
draws31000/50000 untouched_exact finite1.000000 controls31000/31000 moved_fraction0.997376
draws32000/50000 untouched_exact finite1.000000 controls32000/32000 moved_fraction0.997368
draws33000/50000 untouched_exact finite1.000000 controls33000/33000 moved_fraction0.997341
draws34000/50000 untouched_exact finite1.000000 controls34000/34000 moved_fraction0.997350
draws35000/50000 untouched_exact finite1.000000 controls35000/35000 moved_fraction0.997341
draws36000/50000 untouched_exact finite1.000000 controls36000/36000 moved_fraction0.997331
draws37000/50000 untouched_exact finite1.000000 controls37000/37000 moved_fraction0.997324
draws38000/50000 untouched_exact finite1.000000 controls38000/38000 moved_fraction0.997317
draws39000/50000 untouched_exact finite1.000000 controls39000/39000 moved_fraction0.997324
draws40000/50000 untouched_exact finite1.000000 controls40000/40000 moved_fraction0.997313
draws41000/50000 untouched_exact finite1.000000 controls41000/41000 moved_fraction0.997310
draws42000/50000 untouched_exact finite1.000000 controls42000/42000 moved_fraction0.997295
draws43000/50000 untouched_exact finite1.000000 controls43000/43000 moved_fraction0.997300
draws44000/50000 untouched_exact finite1.000000 controls44000/44000 moved_fraction0.997290
draws45000/50000 untouched_exact finite1.000000 controls45000/45000 moved_fraction0.997278
draws46000/50000 untouched_exact finite1.000000 controls46000/46000 moved_fraction0.997271
draws47000/50000 untouched_exact finite1.000000 controls47000/47000 moved_fraction0.997266
draws48000/50000 untouched_exact finite1.000000 controls48000/48000 moved_fraction0.997259
draws49000/50000 untouched_exact finite1.000000 controls49000/49000 moved_fraction0.997255
draws50000/50000 untouched_exact finite1.000000 controls50000/50000 moved_fraction0.997249
DIFFERENCE routed_f32 mismatch_fraction0.765893352 mean_abs7.40030128e-07 max_abs7.62939453e-06 ulp_bins_0_1_2to4_5to16_over16 59931302 62674526 84085248 36383633 12925291
DIFFERENCE block_bf16 mismatch_fraction0.000098098 mean_abs7.47084803e-07 max_abs0.25 ulp_bins_0_1_2to4_5to16_over16 255974887 23547 1111 339 116
DIFFERENCE hc_bf16 mismatch_fraction0.000025946 mean_abs4.55653771e-07 max_abs0.375 ulp_bins_0_1_2to4_5to16_over16 1023973431 19339 5498 1243 489
PASS draws50000 untouched_words256200000 finite1.000000 controls50000 determinism1000/1000
TIMING run0 arm0 us80.726659
TIMING run1 arm1 us73.262500
TIMING run2 arm1 us73.182499
TIMING run3 arm0 us80.829170
TIMING run4 arm0 us80.691669
TIMING run5 arm1 us73.332498
TIMING run6 arm1 us73.162504
TIMING run7 arm0 us80.260839
TIMING run8 arm0 us80.525000
TIMING run9 arm1 us73.087504
TIMING run10 arm1 us71.125831
TIMING run11 arm0 us80.602495
