case_000 avg_nll 0.28447599505887244 -> 0.26941189737522997
case_001 avg_nll 0.31662604083552204 -> 0.31711729414668477
case_002 avg_nll 0.39013502070004236 -> 0.3679902356159087
case_003 avg_nll 0.20572312219945876 -> 0.20812952630499681
case_004 avg_nll 0.7720721603109203 -> 0.7809118173633125
case_005 avg_nll 0.11999955451750266 -> 0.12445453380532012
case_006 avg_nll 0.38847641641411657 -> 0.37343039541108336
case_007 avg_nll 0.388981505160939 -> 0.39673559312054607
case_008 avg_nll 0.3292581194117148 -> 0.31908000707159556
case_009 avg_nll 0.460415560684841 -> 0.45621117838748315
case_010 avg_nll 0.17032086102175326 -> 0.18637564658838135
case_011 avg_nll 0.3990972401181473 -> 0.39307461282073386
case_012 avg_nll 0.046163206954904945 -> 0.04059712891451228
case_013 avg_nll 0.14767507741405606 -> 0.14015897890027862
case_014 avg_nll 0.0459062650160349 -> 0.044080109981595283
case_015 avg_nll 0.24498952065551238 -> 0.267382645333593
case_016 avg_nll 0.2524862764037581 -> 0.30131242672907976
case_017 avg_nll 0.24193761939877556 -> 0.25962198277693316
case_018 avg_nll 0.06874870141201406 -> 0.05916446748789439
case_019 avg_nll 0.16072817857942712 -> 0.1417966954569494
case_020 avg_nll 0.43664678565434567 -> 0.45115316418425633
case_021 avg_nll 0.08266097980863818 -> 0.08096105354835548
case_022 avg_nll 0.2249783148451996 -> 0.23223950806257698
case_023 avg_nll 0.3309332023859508 -> 0.3089855675191757
case_024 avg_nll 0.7533867144121849 -> 0.7455449941712612
case_025 avg_nll 0.2104179864053437 -> 0.22340823243623675
case_026 avg_nll 0.32144595462867187 -> 0.34139269858821497
case_027 avg_nll 0.643353823780467 -> 0.6213556079167564
case_028 avg_nll 0.22650535193047727 -> 0.2217477811899332
case_029 avg_nll 0.41750652220087303 -> 0.4155125915121637
case_030 avg_nll 0.19438375285848664 -> 0.16955330696312043
case_031 avg_nll 0.29843816330836326 -> 0.3041889591649004
case_032 avg_nll 0.06257287640267872 -> 0.06077622832253815
case_033 avg_nll 0.025395521615870664 -> 0.02994980885100529
case_034 avg_nll 0.29240287529149545 -> 0.332567268260457
case_035 avg_nll 0.14965286060635719 -> 0.16294144311017278
case_036 avg_nll 0.051888309651599185 -> 0.048148315112133355
case_037 avg_nll 0.194933324366257 -> 0.2138597451136095
case_038 avg_nll 0.05447857827749547 -> 0.05273900638383755
case_039 avg_nll 0.1796277500188822 -> 0.14133997035271917
case_040 avg_nll 0.25313264817520675 -> 0.2550545842788723
case_041 avg_nll 0.3529294573575835 -> 0.35293722375469283
case_042 avg_nll 0.39065669583873386 -> 0.3619154623747165
case_043 avg_nll 0.057183976207984655 -> 0.052687399447993166
case_044 avg_nll 0.4191739646757323 -> 0.4086262679183438
case_045 avg_nll 0.5074918559839587 -> 0.5148813270632729
case_046 avg_nll 0.07458770922956082 -> 0.0777095979317517
case_047 avg_nll 0.3752787312546074 -> 0.37003928571849587
case_048 avg_nll 0.28599550855473443 -> 0.2920847093392924
case_049 avg_nll 0.3593302892443623 -> 0.33007898107887446
case_050 avg_nll 0.22944920668378532 -> 0.17311776389446043
case_051 avg_nll 0.2414938532315376 -> 0.2398546782852775
case_052 avg_nll 0.10594174946243173 -> 0.09125333876812158
case_053 avg_nll 0.17410313662680676 -> 0.17310062773395796
case_054 avg_nll 0.06309828268326734 -> 0.06076654598207898
case_055 avg_nll 0.10693124903840845 -> 0.1262141917387083
case_056 avg_nll 0.12772515243124904 -> 0.11260861092254548
case_057 avg_nll 0.2195134500172401 -> 0.1962996197433028
case_058 avg_nll 0.04821222392933433 -> 0.05919101379364511
case_059 avg_nll 0.31830342069918705 -> 0.312404807602896
case_060 avg_nll 0.05331781829826521 -> 0.05530629600278836
case_061 avg_nll 0.2833461090470417 -> 0.26642963483163773
case_062 avg_nll 0.22136930175269032 -> 0.227141374414509
case_063 avg_nll 0.21978984776545485 -> 0.24133856367948692
case_064 avg_nll 0.35728806049033546 -> 0.3271237385297918
case_065 avg_nll 0.08485270221175756 -> 0.08953130296264344
case_066 avg_nll 0.48547654030078347 -> 0.4931680002317107
case_067 avg_nll 0.3582472979580117 -> 0.3598041877241567
case_068 avg_nll 0.29162883301918663 -> 0.2744233761502771
case_069 avg_nll 0.39803046127000263 -> 0.393763983730937
case_070 avg_nll 0.1679419152136441 -> 0.16752828251317642
case_071 avg_nll 0.1445882549277281 -> 0.15678316384645186
case_072 avg_nll 0.1057571080423878 -> 0.1146835388978229
case_073 avg_nll 0.05092903308775387 -> 0.04881455707461724
case_074 avg_nll 0.0919894145996265 -> 0.08666205558540163
case_075 avg_nll 0.13300075392999666 -> 0.12917483619545234
case_076 avg_nll 0.11987129691882259 -> 0.12336981130963554
case_077 avg_nll 0.2472019566546797 -> 0.2161062389132965
case_078 avg_nll 0.1384243138199679 -> 0.17740955333967467
case_079 avg_nll 0.4670408655072493 -> 0.4338214072611406
case_080 avg_nll 0.3449468970025982 -> 0.43559035975055016
case_081 avg_nll 0.7095192707385205 -> 0.708602201884566
case_082 avg_nll 0.2410008541439006 -> 0.2262418947955258
case_083 avg_nll 9.14101861289563e-07 -> 9.618512597639625e-07
case_084 avg_nll 3.6041930535837063e-06 -> 2.589026790128008e-06
case_085 avg_nll 0.17257137964143365 -> 0.16292999384954276
case_086 avg_nll 0.5140886017268347 -> 0.4587477536722302
case_087 avg_nll 0.19035572398584422 -> 0.20322560554120894
case_088 avg_nll 0.3473244499750362 -> 0.38467449354645644
case_089 avg_nll 0.15639607743102224 -> 0.14536230145396956
case_090 avg_nll 0.32661761412043555 -> 0.34146219176999715
case_091 avg_nll 0.39604250571474364 -> 0.37277156646553
case_092 avg_nll 0.21461555511180408 -> 0.2072351032870945
case_093 avg_nll 0.16426830530416048 -> 0.17420205809804812
case_094 avg_nll 0.0006559671940991052 -> 0.0006559671940991052
case_095 avg_nll 0.050791486685373144 -> 0.050791144690329304
case_096 avg_nll 4.850860878491403e-06 -> 4.8452236512730454e-06
case_097 avg_nll 0.4479330647472679 -> 0.4479330647472679
case_098 avg_nll 0.41182649853469905 -> 0.41181428996992003
case_099 avg_nll 0.07761061100655849 -> 0.11931907845069094
{
  "cases": 100,
  "paired_mean": -0.0008284493888900184,
  "se": 0.0020081804313212847,
  "ratio": 0.41253732780621666,
  "wins": 56,
  "losses": 42,
  "ties": 2,
  "binomial_p": 0.18884671980890244,
  "first_match": {
    "control": 88,
    "p1": 88
  },
  "avg_lcp": {
    "control": 12.14,
    "p1": 12.28
  },
  "per_prompt_upstream_drift": {
    "control": 1.0791750382045001e-11,
    "p1": -0.000828449378098268
  },
  "gates": {
    "S1": true,
    "S2": false,
    "S3": true,
    "S4": false,
    "S5": false
  },
  "complete_100": true
}
