cc -O3 -ffast-math -g -mcpu=native -Wall -Wextra -std=c99 -fno-fast-math -I. -o tests/test_ds41_release_defaults tests/test_ds41_release_defaults.c ds4.o ds4_image.o ds4_distributed.o ds4_tp.o ds4_ssd.o ds4_metal.o ds4_layer_pack.o ds4_engram.o -lm -pthread -framework Foundation -framework Metal
cc -O3 -ffast-math -g -mcpu=native -Wall -Wextra -std=c99 -fno-fast-math -I. -o tests/test_ds41_batch_round tests/test_ds41_batch_round.c ds4.o ds4_image.o ds4_distributed.o ds4_tp.o ds4_ssd.o ds4_metal.o ds4_layer_pack.o ds4_engram.o -lm -pthread -framework Foundation -framework Metal
cc -O3 -ffast-math -g -mcpu=native -Wall -Wextra -std=c99 -fno-fast-math -I. -o tests/test_ds41_pointwise_batch tests/test_ds41_pointwise_batch.c ds4.o ds4_image.o ds4_distributed.o ds4_tp.o ds4_ssd.o ds4_metal.o ds4_layer_pack.o ds4_engram.o -lm -pthread -framework Foundation -framework Metal
cc -O3 -ffast-math -g -mcpu=native -Wall -Wextra -std=c99 -fno-fast-math -I. -o tests/test_ds41_f32_rows tests/test_ds41_f32_rows.c ds4.o ds4_image.o ds4_distributed.o ds4_tp.o ds4_ssd.o ds4_metal.o ds4_layer_pack.o ds4_engram.o -lm -pthread -framework Foundation -framework Metal
cc -O3 -ffast-math -g -mcpu=native -Wall -Wextra -std=c99 -fno-fast-math -I. -o tests/test_ds41_f16_trio tests/test_ds41_f16_trio.c ds4.o ds4_image.o ds4_distributed.o ds4_tp.o ds4_ssd.o ds4_metal.o ds4_layer_pack.o ds4_engram.o -lm -pthread -framework Foundation -framework Metal
cc -O3 -ffast-math -g -mcpu=native -Wall -Wextra -std=c99 -fno-fast-math -I. -o tests/test_ds41_material_paths tests/test_ds41_material_paths.c ds4.o ds4_image.o ds4_distributed.o ds4_tp.o ds4_ssd.o ds4_metal.o ds4_layer_pack.o ds4_engram.o -lm -pthread -framework Foundation -framework Metal
cc -O3 -ffast-math -g -mcpu=native -Wall -Wextra -std=c99 -fno-fast-math -I. -o tests/test_ds41_q8_trio tests/test_ds41_q8_trio.c ds4.o ds4_image.o ds4_distributed.o ds4_tp.o ds4_ssd.o ds4_metal.o ds4_layer_pack.o ds4_engram.o -lm -pthread -framework Foundation -framework Metal
cc -O3 -ffast-math -g -mcpu=native -Wall -Wextra -std=c99 -fno-fast-math -I. -o tests/test_ds41_score_layout tests/test_ds41_score_layout.c ds4.o ds4_image.o ds4_distributed.o ds4_tp.o ds4_ssd.o ds4_metal.o ds4_layer_pack.o ds4_engram.o -lm -pthread -framework Foundation -framework Metal
cc -O3 -ffast-math -g -mcpu=native -Wall -Wextra -std=c99 -fno-fast-math -I. -o tests/test_ds41_moe_order tests/test_ds41_moe_order.c ds4.o ds4_image.o ds4_distributed.o ds4_tp.o ds4_ssd.o ds4_metal.o ds4_layer_pack.o ds4_engram.o -lm -pthread -framework Foundation -framework Metal
cc -O3 -ffast-math -g -mcpu=native -Wall -Wextra -std=c99 -fno-fast-math -I. -o tests/test_ds41_q8_order tests/test_ds41_q8_order.c ds4.o ds4_image.o ds4_distributed.o ds4_tp.o ds4_ssd.o ds4_metal.o ds4_layer_pack.o ds4_engram.o -lm -pthread -framework Foundation -framework Metal
cc -O3 -ffast-math -g -mcpu=native -Wall -Wextra -std=c99 -fno-fast-math -I. -o tests/test_ds41_ffn_expand tests/test_ds41_ffn_expand.c ds4.o ds4_image.o ds4_distributed.o ds4_tp.o ds4_ssd.o ds4_metal.o ds4_layer_pack.o ds4_engram.o -lm -pthread -framework Foundation -framework Metal
cc -O3 -ffast-math -g -mcpu=native -Wall -Wextra -std=c99 -fno-fast-math -I. -o tests/test_ds41_hc_layout tests/test_ds41_hc_layout.c ds4.o ds4_image.o ds4_distributed.o ds4_tp.o ds4_ssd.o ds4_metal.o ds4_layer_pack.o ds4_engram.o -lm -pthread -framework Foundation -framework Metal
./tests/test_ds41_release_defaults
PASS release defaults, rollback switches, and rejected-path removal
DS4_DS41_MTP_DOWN_WIDE=0 DS4_DS41_MTP_GU_SORT_SIMD=0 DS4_DS41_MTP_SWIGLU_ROUND=0 DS4_DS41_MTP_Q8_ROUND=0 DS4_DS41_MTP_F32_ROWS=0 DS4_DS41_MTP_POINTWISE_BATCH=0 DS4_DS41_ATTN_OUT_HC=0 DS4_DS41_ROUTER_SHARED_HC=0 DS4_DS41_DOWN_TAIL_PACK=0 DS4_DS41_MTP_HC_EPILOGUE=0 DS4_DS41_MTP_DOWN_TAIL_PACK=0 DS4_DS41_Q8_VIRTUAL_DOWN=0 DS4_DS41_Q8_VIRTUAL_QUERY=0 DS4_DS41_KV_PREPARE=0 DS4_DS41_KV_QUERY_MIX=0 ./tests/test_ds41_release_defaults 0
PASS release defaults, rollback switches, and rejected-path removal
./tests/test_ds41_batch_round
ds4: Metal device Apple M3 Ultra, 512.00 GiB RAM
ds4: Metal 4 tensor API disabled for pre-M5/pre-A19 devices
ds4: drift-patch flags hc_stable=on norm_unify=on kv_raw_f32=off rope_exp2_log2=off math_safe=off tensor_matmul=off
ds4: Metal model views created in 0.022 ms, residency requested in 0.105 ms, warmup 7.022 ms (mapped 6.66 MiB from offset 0.00 MiB)
ds4: Metal mapped mmaped model as 1 overlapping shared buffers
PASS Q8 k=5120 n=1280 all row controls
ds4: Metal device Apple M3 Ultra, 512.00 GiB RAM
ds4: Metal 4 tensor API disabled for pre-M5/pre-A19 devices
ds4: drift-patch flags hc_stable=on norm_unify=on kv_raw_f32=off rope_exp2_log2=off math_safe=off tensor_matmul=off
ds4: Metal model views created in 0.014 ms, residency requested in 0.312 ms, warmup 6.973 ms (mapped 42.52 MiB from offset 0.00 MiB)
ds4: Metal mapped mmaped model as 1 overlapping shared buffers
PASS Q8 k=1280 n=32768 all row controls
ds4: Metal device Apple M3 Ultra, 512.00 GiB RAM
ds4: Metal 4 tensor API disabled for pre-M5/pre-A19 devices
ds4: drift-patch flags hc_stable=on norm_unify=on kv_raw_f32=off rope_exp2_log2=off math_safe=off tensor_matmul=off
ds4: Metal model views created in 0.010 ms, residency requested in 0.077 ms, warmup 8.101 ms (mapped 2.67 MiB from offset 0.00 MiB)
ds4: Metal mapped mmaped model as 1 overlapping shared buffers
PASS Q8 k=5120 n=512 all row controls
ds4: Metal device Apple M3 Ultra, 512.00 GiB RAM
ds4: Metal 4 tensor API disabled for pre-M5/pre-A19 devices
ds4: drift-patch flags hc_stable=on norm_unify=on kv_raw_f32=off rope_exp2_log2=off math_safe=off tensor_matmul=off
ds4: Metal model views created in 0.017 ms, residency requested in 0.345 ms, warmup 7.020 ms (mapped 42.52 MiB from offset 0.00 MiB)
ds4: Metal mapped mmaped model as 1 overlapping shared buffers
PASS Q8 k=8192 n=5120 all row controls
ds4: Metal device Apple M3 Ultra, 512.00 GiB RAM
ds4: Metal 4 tensor API disabled for pre-M5/pre-A19 devices
ds4: drift-patch flags hc_stable=on norm_unify=on kv_raw_f32=off rope_exp2_log2=off math_safe=off tensor_matmul=off
ds4: Metal model views created in 0.020 ms, residency requested in 0.145 ms, warmup 9.606 ms (mapped 11.97 MiB from offset 0.00 MiB)
ds4: Metal mapped mmaped model as 1 overlapping shared buffers
PASS Q8 k=5120 n=2304 all row controls
ds4: Metal device Apple M3 Ultra, 512.00 GiB RAM
ds4: Metal 4 tensor API disabled for pre-M5/pre-A19 devices
ds4: drift-patch flags hc_stable=on norm_unify=on kv_raw_f32=off rope_exp2_log2=off math_safe=off tensor_matmul=off
ds4: Metal model views created in 0.014 ms, residency requested in 0.166 ms, warmup 10.666 ms (mapped 11.97 MiB from offset 0.00 MiB)
ds4: Metal mapped mmaped model as 1 overlapping shared buffers
PASS Q8 k=2304 n=5120 all row controls
ds4: Metal device Apple M3 Ultra, 512.00 GiB RAM
ds4: Metal 4 tensor API disabled for pre-M5/pre-A19 devices
ds4: drift-patch flags hc_stable=on norm_unify=on kv_raw_f32=off rope_exp2_log2=off math_safe=off tensor_matmul=off
PASS shared SwiGLU BF16 host path
PASS 1271808 exact Q8 output words
./tests/test_ds41_pointwise_batch
ds4: Metal device Apple M3 Ultra, 512.00 GiB RAM
ds4: Metal 4 tensor API disabled for pre-M5/pre-A19 devices
ds4: drift-patch flags hc_stable=on norm_unify=on kv_raw_f32=off rope_exp2_log2=off math_safe=off tensor_matmul=off
PASS pointwise batching: 64 draws each heads1/64, both frequencies/directions, wrap/deep positions, offsets and guards exact
./tests/test_ds41_f32_rows
ds4: Metal device Apple M3 Ultra, 512.00 GiB RAM
ds4: Metal 4 tensor API disabled for pre-M5/pre-A19 devices
ds4: drift-patch flags hc_stable=on norm_unify=on kv_raw_f32=off rope_exp2_log2=off math_safe=off tensor_matmul=off
ds4: Metal model views created in 0.021 ms, residency requested in 0.151 ms, warmup 10.093 ms (mapped 7.52 MiB from offset 0.00 MiB)
ds4: Metal mapped mmaped model as 1 overlapping shared buffers
PASS router F32 rows1..8, 64 draws, offsets and guard words exact
./tests/test_ds41_f16_trio
ds4: Metal device Apple M3 Ultra, 512.00 GiB RAM
ds4: Metal 4 tensor API disabled for pre-M5/pre-A19 devices
ds4: drift-patch flags hc_stable=on norm_unify=on kv_raw_f32=off rope_exp2_log2=off math_safe=off tensor_matmul=off
ds4: Metal model views created in 0.023 ms, residency requested in 1.884 ms, warmup 6.334 ms (mapped 300.02 MiB from offset 0.00 MiB)
ds4: Metal mapped mmaped model as 1 overlapping shared buffers
PASS F16 trio production shape rows1..8, tensor offsets/tails, 18432000 finite exact output words
./tests/test_ds41_material_paths
ds4: Metal device Apple M3 Ultra, 512.00 GiB RAM
ds4: Metal 4 tensor API disabled for pre-M5/pre-A19 devices
ds4: drift-patch flags hc_stable=on norm_unify=on kv_raw_f32=off rope_exp2_log2=off math_safe=off tensor_matmul=off
ds4: Metal model views created in 0.034 ms, residency requested in 0.256 ms, warmup 6.515 ms (mapped 34.02 MiB from offset 0.00 MiB)
ds4: Metal mapped mmaped model as 1 overlapping shared buffers
PASS router 1..8 rows 1425600 exact words
PASS grouped Q8 2/6 rows, F32 and BF16 outputs
./tests/test_ds41_q8_trio
ds4: Metal device Apple M3 Ultra, 512.00 GiB RAM
ds4: Metal 4 tensor API disabled for pre-M5/pre-A19 devices
ds4: drift-patch flags hc_stable=on norm_unify=on kv_raw_f32=off rope_exp2_log2=off math_safe=off tensor_matmul=off
ds4: Metal model views created in 0.027 ms, residency requested in 0.102 ms, warmup 7.670 ms (mapped 6.66 MiB from offset 0.00 MiB)
ds4: Metal mapped mmaped model as 1 overlapping shared buffers
PASS Q8 k=5120 n=1280 all row controls
ds4: Metal device Apple M3 Ultra, 512.00 GiB RAM
ds4: Metal 4 tensor API disabled for pre-M5/pre-A19 devices
ds4: drift-patch flags hc_stable=on norm_unify=on kv_raw_f32=off rope_exp2_log2=off math_safe=off tensor_matmul=off
ds4: Metal model views created in 0.016 ms, residency requested in 0.432 ms, warmup 7.256 ms (mapped 42.52 MiB from offset 0.00 MiB)
ds4: Metal mapped mmaped model as 1 overlapping shared buffers
PASS Q8 k=1280 n=32768 all row controls
ds4: Metal device Apple M3 Ultra, 512.00 GiB RAM
ds4: Metal 4 tensor API disabled for pre-M5/pre-A19 devices
ds4: drift-patch flags hc_stable=on norm_unify=on kv_raw_f32=off rope_exp2_log2=off math_safe=off tensor_matmul=off
ds4: Metal model views created in 0.010 ms, residency requested in 0.073 ms, warmup 7.547 ms (mapped 2.67 MiB from offset 0.00 MiB)
ds4: Metal mapped mmaped model as 1 overlapping shared buffers
PASS Q8 k=5120 n=512 all row controls
ds4: Metal device Apple M3 Ultra, 512.00 GiB RAM
ds4: Metal 4 tensor API disabled for pre-M5/pre-A19 devices
ds4: drift-patch flags hc_stable=on norm_unify=on kv_raw_f32=off rope_exp2_log2=off math_safe=off tensor_matmul=off
ds4: Metal model views created in 0.021 ms, residency requested in 0.484 ms, warmup 7.322 ms (mapped 42.52 MiB from offset 0.00 MiB)
ds4: Metal mapped mmaped model as 1 overlapping shared buffers
PASS Q8 k=8192 n=5120 all row controls
ds4: Metal device Apple M3 Ultra, 512.00 GiB RAM
ds4: Metal 4 tensor API disabled for pre-M5/pre-A19 devices
ds4: drift-patch flags hc_stable=on norm_unify=on kv_raw_f32=off rope_exp2_log2=off math_safe=off tensor_matmul=off
ds4: Metal model views created in 0.013 ms, residency requested in 0.304 ms, warmup 7.002 ms (mapped 11.97 MiB from offset 0.00 MiB)
ds4: Metal mapped mmaped model as 1 overlapping shared buffers
PASS Q8 k=5120 n=2304 all row controls
ds4: Metal device Apple M3 Ultra, 512.00 GiB RAM
ds4: Metal 4 tensor API disabled for pre-M5/pre-A19 devices
ds4: drift-patch flags hc_stable=on norm_unify=on kv_raw_f32=off rope_exp2_log2=off math_safe=off tensor_matmul=off
ds4: Metal model views created in 0.011 ms, residency requested in 0.121 ms, warmup 6.947 ms (mapped 11.97 MiB from offset 0.00 MiB)
ds4: Metal mapped mmaped model as 1 overlapping shared buffers
PASS Q8 k=2304 n=5120 all row controls
PASS 1271808 exact Q8 output words
./tests/test_ds41_score_layout
ds4: Metal device Apple M3 Ultra, 512.00 GiB RAM
ds4: Metal 4 tensor API disabled for pre-M5/pre-A19 devices
ds4: drift-patch flags hc_stable=on norm_unify=on kv_raw_f32=off rope_exp2_log2=off math_safe=off tensor_matmul=off
PASS n=1 all five masks/layouts
PASS n=7 all five masks/layouts
PASS n=33 all five masks/layouts
PASS n=511 all five masks/layouts
PASS n=512 all five masks/layouts
PASS n=513 all five masks/layouts
PASS n=8193 all five masks/layouts
PASS n=16385 all five masks/layouts
PASS n=32769 all five masks/layouts
PASS n=131073 all five masks/layouts
PASS n=300005 all five masks/layouts
PASS 2450010 exact score words
./tests/test_ds41_moe_order
ds4: Metal device Apple M3 Ultra, 512.00 GiB RAM
ds4: Metal 4 tensor API disabled for pre-M5/pre-A19 devices
ds4: drift-patch flags hc_stable=on norm_unify=on kv_raw_f32=off rope_exp2_log2=off math_safe=off tensor_matmul=off
ds4: Metal model views created in 0.374 ms, residency requested in 49.370 ms, warmup 7.267 ms (mapped 7290.00 MiB from offset 0.00 MiB)
ds4: Metal mapped mmaped model as 1 overlapping shared buffers
V4.1 Q4 static batch rank=-1 rows=8 exact: PASS
V4.1 Q4 static batch rank=-1 rows=1 exact: PASS
V4.1 Q4 static batch rank=-1 rows=2 exact: PASS
V4.1 Q4 static batch rank=-1 rows=3 exact: PASS
V4.1 Q4 static batch rank=-1 rows=4 exact: PASS
V4.1 Q4 static batch rank=-1 rows=5 exact: PASS
V4.1 Q4 static batch rank=-1 rows=6 exact: PASS
V4.1 Q4 static batch rank=-1 rows=7 exact: PASS
V4.1 Q4 static batch rank=-1 rows=8 exact: PASS
DS4_DS41_MTP_GU_EXPERT_SORT=1 ./tests/test_ds41_moe_order
ds4: Metal device Apple M3 Ultra, 512.00 GiB RAM
ds4: Metal 4 tensor API disabled for pre-M5/pre-A19 devices
ds4: drift-patch flags hc_stable=on norm_unify=on kv_raw_f32=off rope_exp2_log2=off math_safe=off tensor_matmul=off
ds4: Metal model views created in 0.397 ms, residency requested in 52.111 ms, warmup 7.146 ms (mapped 7290.00 MiB from offset 0.00 MiB)
ds4: Metal mapped mmaped model as 1 overlapping shared buffers
V4.1 Q4 static batch rank=-1 rows=8 exact: PASS
V4.1 Q4 static batch rank=-1 rows=1 exact: PASS
V4.1 Q4 static batch rank=-1 rows=2 exact: PASS
V4.1 Q4 static batch rank=-1 rows=3 exact: PASS
V4.1 Q4 static batch rank=-1 rows=4 exact: PASS
V4.1 Q4 static batch rank=-1 rows=5 exact: PASS
V4.1 Q4 static batch rank=-1 rows=6 exact: PASS
V4.1 Q4 static batch rank=-1 rows=7 exact: PASS
V4.1 Q4 static batch rank=-1 rows=8 exact: PASS
./tests/test_ds41_q8_order
ds4: Metal device Apple M3 Ultra, 512.00 GiB RAM
ds4: Metal 4 tensor API disabled for pre-M5/pre-A19 devices
ds4: drift-patch flags hc_stable=on norm_unify=on kv_raw_f32=off rope_exp2_log2=off math_safe=off tensor_matmul=off
ds4: Metal model views created in 0.032 ms, residency requested in 0.149 ms, warmup 11.845 ms (mapped 6.66 MiB from offset 0.00 MiB)
ds4: Metal mapped mmaped model as 1 overlapping shared buffers
PASS Q8 k=5120 n=1280 all row controls
ds4: Metal device Apple M3 Ultra, 512.00 GiB RAM
ds4: Metal 4 tensor API disabled for pre-M5/pre-A19 devices
ds4: drift-patch flags hc_stable=on norm_unify=on kv_raw_f32=off rope_exp2_log2=off math_safe=off tensor_matmul=off
ds4: Metal model views created in 0.012 ms, residency requested in 0.299 ms, warmup 6.897 ms (mapped 42.52 MiB from offset 0.00 MiB)
ds4: Metal mapped mmaped model as 1 overlapping shared buffers
PASS Q8 k=1280 n=32768 all row controls
ds4: Metal device Apple M3 Ultra, 512.00 GiB RAM
ds4: Metal 4 tensor API disabled for pre-M5/pre-A19 devices
ds4: drift-patch flags hc_stable=on norm_unify=on kv_raw_f32=off rope_exp2_log2=off math_safe=off tensor_matmul=off
ds4: Metal model views created in 0.009 ms, residency requested in 0.063 ms, warmup 8.299 ms (mapped 2.67 MiB from offset 0.00 MiB)
ds4: Metal mapped mmaped model as 1 overlapping shared buffers
PASS Q8 k=5120 n=512 all row controls
ds4: Metal device Apple M3 Ultra, 512.00 GiB RAM
ds4: Metal 4 tensor API disabled for pre-M5/pre-A19 devices
ds4: drift-patch flags hc_stable=on norm_unify=on kv_raw_f32=off rope_exp2_log2=off math_safe=off tensor_matmul=off
ds4: Metal model views created in 0.011 ms, residency requested in 0.310 ms, warmup 6.788 ms (mapped 42.52 MiB from offset 0.00 MiB)
ds4: Metal mapped mmaped model as 1 overlapping shared buffers
PASS Q8 k=8192 n=5120 all row controls
ds4: Metal device Apple M3 Ultra, 512.00 GiB RAM
ds4: Metal 4 tensor API disabled for pre-M5/pre-A19 devices
ds4: drift-patch flags hc_stable=on norm_unify=on kv_raw_f32=off rope_exp2_log2=off math_safe=off tensor_matmul=off
ds4: Metal model views created in 0.010 ms, residency requested in 0.106 ms, warmup 10.829 ms (mapped 11.97 MiB from offset 0.00 MiB)
ds4: Metal mapped mmaped model as 1 overlapping shared buffers
PASS Q8 k=5120 n=2304 all row controls
ds4: Metal device Apple M3 Ultra, 512.00 GiB RAM
ds4: Metal 4 tensor API disabled for pre-M5/pre-A19 devices
ds4: drift-patch flags hc_stable=on norm_unify=on kv_raw_f32=off rope_exp2_log2=off math_safe=off tensor_matmul=off
ds4: Metal model views created in 0.017 ms, residency requested in 0.201 ms, warmup 11.435 ms (mapped 11.97 MiB from offset 0.00 MiB)
ds4: Metal mapped mmaped model as 1 overlapping shared buffers
PASS Q8 k=2304 n=5120 all row controls
PASS 1271808 exact Q8 output words
./tests/test_ds41_ffn_expand
ds4: Metal device Apple M3 Ultra, 512.00 GiB RAM
ds4: Metal 4 tensor API disabled for pre-M5/pre-A19 devices
ds4: drift-patch flags hc_stable=on norm_unify=on kv_raw_f32=off rope_exp2_log2=off math_safe=off tensor_matmul=off
q4_wide=0
ds4: Metal model views created in 0.283 ms, residency requested in 55.087 ms, warmup 6.647 ms (mapped 7290.00 MiB from offset 0.00 MiB)
ds4: Metal mapped mmaped model as 1 overlapping shared buffers
PASS 1966336 exact producer-chain words
ds4: Metal device Apple M3 Ultra, 512.00 GiB RAM
ds4: Metal 4 tensor API disabled for pre-M5/pre-A19 devices
ds4: drift-patch flags hc_stable=on norm_unify=on kv_raw_f32=off rope_exp2_log2=off math_safe=off tensor_matmul=off
q4_wide=1
ds4: Metal model views created in 0.206 ms, residency requested in 52.221 ms, warmup 7.382 ms (mapped 7290.00 MiB from offset 0.00 MiB)
ds4: Metal mapped mmaped model as 1 overlapping shared buffers
PASS 1966336 exact producer-chain words
./tests/test_ds41_hc_layout
ds4: Metal device Apple M3 Ultra, 512.00 GiB RAM
ds4: Metal 4 tensor API disabled for pre-M5/pre-A19 devices
ds4: drift-patch flags hc_stable=on norm_unify=on kv_raw_f32=off rope_exp2_log2=off math_safe=off tensor_matmul=off
ds4: Metal model views created in 0.024 ms, residency requested in 0.654 ms, warmup 7.004 ms (mapped 67.38 MiB from offset 0.00 MiB)
ds4: Metal mapped mmaped model as 1 overlapping shared buffers
[q8-virtual-query] 4108 groups, eight query rows/group plus unchanged HC
PASS 422016 exact output, HC mix and Sinkhorn words
shared=0 rep=0 layout=0 us=56.170
shared=0 rep=0 layout=2 us=54.330
shared=0 rep=1 layout=2 us=54.070
shared=0 rep=1 layout=0 us=54.030
shared=0 rep=2 layout=0 us=53.890
shared=0 rep=2 layout=2 us=53.860
shared=1 rep=0 layout=0 us=37.730
shared=1 rep=0 layout=2 us=36.190
shared=1 rep=1 layout=2 us=36.100
shared=1 rep=1 layout=0 us=36.180
shared=1 rep=2 layout=0 us=36.120
shared=1 rep=2 layout=2 us=37.270
make: `tests/test_ds41_controller' is up to date.
make: `tests/test_ds41_dspark_adaptive' is up to date.
cc -O3 -ffast-math -g -mcpu=native -Wall -Wextra -std=c99 -Wno-unused-function -I. -c -o tests/test_ds41_markov_cache.o tests/test_ds41_markov_cache.c
cc -O3 -ffast-math -g -mcpu=native -Wall -Wextra -std=c99 -o tests/test_ds41_markov_cache tests/test_ds41_markov_cache.o ds4_image.o ds4_distributed.o ds4_tp.o ds4_ssd.o ds4_metal.o ds4_layer_pack.o ds4_engram.o -lm -pthread -framework Foundation -framework Metal
acceptance rule and reasoning tracker: PASS
V4.1 DSpark windowed admission: PASS
ds4: Metal device Apple M3 Ultra, 512.00 GiB RAM
ds4: Metal 4 tensor API disabled for pre-M5/pre-A19 devices
ds4: drift-patch flags hc_stable=on norm_unify=on kv_raw_f32=off rope_exp2_log2=off math_safe=off tensor_matmul=off
draw0 exact words1285
draw5000 exact words6426285
draw10000 exact words12851285
draw15000 exact words19276285
draw20000 exact words25701285
draw25000 exact words32126285
draw30000 exact words38551285
draw35000 exact words44976285
draw40000 exact words51401285
draw45000 exact words57826285
PASS determinism1000/1000
PASS draws50000 words64250000 controls50000 independent models, cache hit/eviction/bypass
