cc -O3 -ffast-math -g -mcpu=native -Wall -Wextra -std=c99 -c -o ds4_cli.o ds4_cli.c
cc -O3 -ffast-math -g -mcpu=native -Wall -Wextra -std=c99 -c -o ds4_prompt_prefix.o ds4_prompt_prefix.c
cc -O3 -ffast-math -g -mcpu=native -Wall -Wextra -std=c99 -c -o linenoise.o linenoise.c
cc -O3 -ffast-math -g -mcpu=native -Wall -Wextra -std=c99 -c -o ds4.o ds4.c
cc -O3 -ffast-math -g -mcpu=native -Wall -Wextra -std=c99 -c -o ds4_distributed.o ds4_distributed.c
cc -O3 -ffast-math -g -mcpu=native -Wall -Wextra -std=c99 -c -o ds4_tp.o ds4_tp.c
cc -O3 -ffast-math -g -mcpu=native -Wall -Wextra -fobjc-arc -c -o ds4_metal.o ds4_metal.m
cc -O3 -ffast-math -g -mcpu=native -Wall -Wextra -std=c99 -c -o ds4_server.o ds4_server.c
cc -O3 -ffast-math -g -mcpu=native -Wall -Wextra -std=c99 -c -o ds4_kvstore.o ds4_kvstore.c
cc -O3 -ffast-math -g -mcpu=native -Wall -Wextra -std=c99 -c -o ds4_bench.o ds4_bench.c
cc -O3 -ffast-math -g -mcpu=native -Wall -Wextra -std=c99 -c -o ds4_eval.o ds4_eval.c
cc -O3 -ffast-math -g -mcpu=native -Wall -Wextra -std=c99 -c -o ds4_eval_cases.o ds4_eval_cases.c
cc -O3 -ffast-math -g -mcpu=native -Wall -Wextra -std=c99 -c -o ds4_agent.o ds4_agent.c
cc -O3 -ffast-math -g -mcpu=native -Wall -Wextra -std=c99 -c -o ds4_web.o ds4_web.c
cc -O3 -ffast-math -g -mcpu=native -Wall -Wextra -std=c99 -Wno-unused-function -DDS4_NO_GPU -c -o ds4_cpu.o ds4.c
cc -O3 -ffast-math -g -mcpu=native -Wall -Wextra -std=c99 -DDS4_NO_GPU -c -o ds4_server_cpu.o ds4_server.c
cc -O3 -g -mcpu=native -Wall -Wextra -std=c99 -I. -o tests/test_ds41_controller tests/test_ds41_controller.c -lm
cc -O3 -g -mcpu=native -Wall -Wextra -std=c99 -I. -o tests/test_ds41_dspark_adaptive tests/test_ds41_dspark_adaptive.c -lm
cc -O3 -ffast-math -g -mcpu=native -Wall -Wextra -std=c99 -Wno-unused-function -I. -c -o tests/test_ds41_markov_cache.o tests/test_ds41_markov_cache.c
cc -O3 -ffast-math -g -mcpu=native -Wall -Wextra -std=c99 -o ds4 ds4_cli.o ds4_help.o ds4_prompt_prefix.o linenoise.o ds4_gpu_args.o ds4.o ds4_image.o ds4_distributed.o ds4_tp.o ds4_ssd.o ds4_metal.o ds4_layer_pack.o ds4_engram.o -lm -pthread -framework Foundation -framework Metal
cc -O3 -ffast-math -g -mcpu=native -Wall -Wextra -std=c99 -o ds4-server ds4_server.o ds4_score.o ds4_help.o ds4_kvstore.o rax.o ds4_gpu_args.o ds4.o ds4_image.o ds4_distributed.o ds4_tp.o ds4_ssd.o ds4_metal.o ds4_layer_pack.o ds4_engram.o -lm -pthread -framework Foundation -framework Metal
cc -O3 -ffast-math -g -mcpu=native -Wall -Wextra -std=c99 -o ds4-bench ds4_bench.o ds4_help.o ds4_gpu_args.o ds4.o ds4_image.o ds4_distributed.o ds4_tp.o ds4_ssd.o ds4_metal.o ds4_layer_pack.o ds4_engram.o -lm -pthread -framework Foundation -framework Metal
cc -O3 -ffast-math -g -mcpu=native -Wall -Wextra -std=c99 -o ds4-eval ds4_eval.o ds4_eval_cases.o ds4_help.o ds4.o ds4_image.o ds4_distributed.o ds4_tp.o ds4_ssd.o ds4_metal.o ds4_layer_pack.o ds4_engram.o -lm -pthread -framework Foundation -framework Metal
cc -O3 -ffast-math -g -mcpu=native -Wall -Wextra -std=c99 -o ds4-agent ds4_agent.o ds4_help.o ds4_prompt_prefix.o ds4_web.o ds4_kvstore.o linenoise.o ds4_gpu_args.o ds4.o ds4_image.o ds4_distributed.o ds4_tp.o ds4_ssd.o ds4_metal.o ds4_layer_pack.o ds4_engram.o -lm -pthread -framework Foundation -framework Metal
cc -O3 -ffast-math -g -mcpu=native -Wall -Wextra -std=c99 -o tests/test_ds41_markov_cache tests/test_ds41_markov_cache.o ds4_image.o ds4_distributed.o ds4_tp.o ds4_ssd.o ds4_metal.o ds4_layer_pack.o ds4_engram.o -lm -pthread -framework Foundation -framework Metal
